13.0326 	WARNING 	/Users/sara-sofiagorriz/.psychopy3/fonts/Calibri.truetype doesn't have valid font family name
13.0374 	WARNING 	Font Manager failed to load file /System/Library/PrivateFrameworks/FontServices.framework/Resources/Reserved/PingFangUI.ttc
13.1032 	WARNING 	/Users/sara-sofiagorriz/.psychopy3/fonts/Calibri.truetype doesn't have valid font family name
13.1041 	WARNING 	Font Manager failed to load file /System/Library/PrivateFrameworks/FontServices.framework/Resources/Reserved/PingFangUI.ttc
13.1187 	WARNING 	Import Error: No module named 'psychtoolbox'. Using event module for keyboard component.
15.3698 	INFO 	Loaded monitor calibration from ['2025_12_15 15:02']
15.3729 	WARNING 	User requested fullscreen with size [1800 1169], but screen is actually [1920, 1080]. Using actual size
15.4652 	INFO 	Using renderer 'Apple M1 Pro' for graphics
15.4652 	INFO 	OpenGL version supported by driver is 2..
15.4732 	EXP 	Created window1 = Window(allowGUI=False, allowStencil=False, autoLog=True, backendConf=UNKNOWN, backgroundFit=<method-wrapper '__getattribute__' of attributeSetter object at 0x15844cfd0>, backgroundImage=<method-wrapper '__getattribute__' of attributeSetter object at 0x15844cf70>, bitsMode=UNKNOWN, blendMode='avg', bpc=(8, 8, 8), color=array([0, 0, 0]), colorSpace='rgb', depthBits=8, fullscr=True, gamma=None, gammaErrorPolicy='raise', infoMsg=UNKNOWN, lms=UNKNOWN, monitor=<psychopy.monitors.calibTools.Monitor object at 0x158a4ea70>, multiSample=False, name='window1', numSamples=2, pos=[np.float64(0.0), np.float64(0.0)], screen=1, size=array([1920, 1080]), stencilBits=0, stereo=False, title='PsychoPy', units='height', useFBO=True, useRetina=False, viewOri=0.0, viewPos=None, viewScale=None, waitBlanking=True, winType='pyglet')
15.4732 	EXP 	window1: backgroundImage = ''
15.4732 	EXP 	window1: backgroundFit = 'none'
15.6839 	EXP 	window1: Attempting to measure frame rate of screen (1) ...
15.6839 	EXP 	window1: recordFrameIntervals = False
15.7302 	EXP 	window1: recordFrameIntervals = True
15.7467 	EXP 	Screen (1) actual frame rate measured at 668.15Hz
15.7467 	EXP 	window1: recordFrameIntervals = False
15.7467 	INFO 	keyboard.Keyboard is using ptb backend.
15.7468 	INFO 	keyboard.Keyboard is using ptb backend.
15.7468 	INFO 	keyboard.Keyboard is using ptb backend.
15.7468 	INFO 	keyboard.Keyboard is using ptb backend.
15.7468 	INFO 	keyboard.Keyboard is using ptb backend.
15.7468 	INFO 	keyboard.Keyboard is using ptb backend.
15.7468 	INFO 	keyboard.Keyboard is using ptb backend.
15.7592 	INFO 	saved data to /Users/sara-sofiagorriz/Documents/UPF Barcelona/Interactive Systems/cospeech-gesture/CoSpeechGestures/data/039483_CoSpeechGestures_2025-12-17_11h18.21.470.psydat
15.7594 	INFO 	saved data to '/Users/sara-sofiagorriz/Documents/UPF Barcelona/Interactive Systems/cospeech-gesture/CoSpeechGestures/data/039483_CoSpeechGestures_2025-12-17_11h18.21.470.csv'
15.7601 	WARNING 	Stopping key buffers but this could be dangerous ifother keyboards rely on the same.
