13.1677 	WARNING 	/Users/sara-sofiagorriz/.psychopy3/fonts/Calibri.truetype doesn't have valid font family name
13.2115 	WARNING 	Font Manager failed to load file /System/Library/PrivateFrameworks/FontServices.framework/Resources/Reserved/PingFangUI.ttc
13.2472 	WARNING 	/Users/sara-sofiagorriz/.psychopy3/fonts/Calibri.truetype doesn't have valid font family name
13.2563 	WARNING 	Font Manager failed to load file /System/Library/PrivateFrameworks/FontServices.framework/Resources/Reserved/PingFangUI.ttc
13.2681 	WARNING 	Import Error: dlopen(/Users/sara-sofiagorriz/.pyenv/versions/3.10.13/lib/python3.10/site-packages/psychtoolbox/PsychHID.cpython-310-darwin.so, 0x0002): symbol not found in flat namespace '_libusb_bulk_transfer'. Using event module for keyboard component.
16.1466 	INFO 	Loaded monitor calibration from ['2025_12_15 15:02']
16.1521 	WARNING 	User requested fullscreen with size [1800 1169], but screen is actually [1920, 1080]. Using actual size
16.2564 	INFO 	Using renderer 'Apple M1 Pro' for graphics
16.2564 	INFO 	OpenGL version supported by driver is 2..
16.2644 	EXP 	Created window1 = Window(allowGUI=False, allowStencil=False, autoLog=True, backendConf=UNKNOWN, backgroundFit=<method-wrapper '__getattribute__' of attributeSetter object at 0x15bacd1e0>, backgroundImage=<method-wrapper '__getattribute__' of attributeSetter object at 0x15bacd180>, bitsMode=UNKNOWN, blendMode='avg', bpc=(8, 8, 8), color=array([0, 0, 0]), colorSpace='rgb', depthBits=8, fullscr=True, gamma=None, gammaErrorPolicy='raise', infoMsg=UNKNOWN, lms=UNKNOWN, monitor=<psychopy.monitors.calibTools.Monitor object at 0x15c5cec80>, multiSample=False, name='window1', numSamples=2, pos=[np.float64(0.0), np.float64(0.0)], screen=1, size=array([1920, 1080]), stencilBits=0, stereo=False, title='PsychoPy', units='height', useFBO=True, useRetina=False, viewOri=0.0, viewPos=None, viewScale=None, waitBlanking=True, winType='pyglet')
16.2645 	EXP 	window1: backgroundImage = ''
16.2645 	EXP 	window1: backgroundFit = 'none'
16.4738 	EXP 	window1: Attempting to measure frame rate of screen (1) ...
16.4739 	EXP 	window1: recordFrameIntervals = False
16.5274 	EXP 	window1: recordFrameIntervals = True
16.5471 	EXP 	Screen (1) actual frame rate measured at 560.54Hz
16.5471 	EXP 	window1: recordFrameIntervals = False
16.5472 	INFO 	keyboard.Keyboard is using ptb backend.
16.5472 	INFO 	keyboard.Keyboard is using ptb backend.
16.5472 	INFO 	keyboard.Keyboard is using ptb backend.
16.5472 	INFO 	keyboard.Keyboard is using ptb backend.
16.5472 	INFO 	keyboard.Keyboard is using ptb backend.
16.5472 	INFO 	keyboard.Keyboard is using ptb backend.
16.5473 	INFO 	keyboard.Keyboard is using ptb backend.
16.5612 	INFO 	saved data to /Users/sara-sofiagorriz/Documents/UPF Barcelona/Interactive Systems/cospeech-gesture/CoSpeechGestures/data/606664_CoSpeechGestures_2025-12-17_11h20.08.798.psydat
16.5614 	INFO 	saved data to '/Users/sara-sofiagorriz/Documents/UPF Barcelona/Interactive Systems/cospeech-gesture/CoSpeechGestures/data/606664_CoSpeechGestures_2025-12-17_11h20.08.798.csv'
16.5620 	WARNING 	Stopping key buffers but this could be dangerous ifother keyboards rely on the same.
