18.6518 	WARNING 	/Users/sara-sofiagorriz/.psychopy3/fonts/Calibri.truetype doesn't have valid font family name
18.6671 	WARNING 	Font Manager failed to load file /System/Library/PrivateFrameworks/FontServices.framework/Resources/Reserved/PingFangUI.ttc
18.7424 	WARNING 	/Users/sara-sofiagorriz/.psychopy3/fonts/Calibri.truetype doesn't have valid font family name
18.7461 	WARNING 	Font Manager failed to load file /System/Library/PrivateFrameworks/FontServices.framework/Resources/Reserved/PingFangUI.ttc
18.7778 	WARNING 	psychopy.parallel has been imported on a Mac (which doesn't have a parallel port?)
20.5574 	DEBUG 	Fullscreen settings ignored as running in pilot mode.
20.5588 	INFO 	Loaded monitor calibration from ['2025_10_16 19:18']
20.7026 	INFO 	Using renderer 'Apple M1 Pro' for graphics
20.7026 	INFO 	OpenGL version supported by driver is 2..
20.7396 	EXP 	Created window1 = Window(allowGUI=False, allowStencil=False, autoLog=True, backendConf=UNKNOWN, backgroundFit=<method-wrapper '__getattribute__' of attributeSetter object at 0x1544eb040>, backgroundImage=<method-wrapper '__getattribute__' of attributeSetter object at 0x1544eb0a0>, bitsMode=UNKNOWN, blendMode='avg', bpc=(8, 8, 8), color=array([0, 0, 0]), colorSpace='rgb', depthBits=8, fullscr=False, gamma=None, gammaErrorPolicy='raise', infoMsg=UNKNOWN, lms=UNKNOWN, monitor=<psychopy.monitors.calibTools.Monitor object at 0x1545143d0>, multiSample=False, name='window1', numSamples=2, pos=[np.float64(560.0), np.float64(240.0)], screen=1, size=array([800, 600]), stencilBits=0, stereo=False, title='PsychoPy', units='height', useFBO=True, useRetina=False, viewOri=0.0, viewPos=None, viewScale=None, waitBlanking=True, winType='pyglet')
20.7397 	EXP 	window1: backgroundImage = ''
20.7397 	EXP 	window1: backgroundFit = 'none'
20.7630 	DEBUG 	TextBox2 loaded 1 chars with 0 blanks and 1 valid
20.7758 	DEBUG 	TextBox2 loaded 1 chars with 0 blanks and 1 valid
20.7885 	DEBUG 	TextBox2 loaded 1 chars with 0 blanks and 1 valid
20.8013 	DEBUG 	TextBox2 loaded 1 chars with 0 blanks and 1 valid
20.8141 	DEBUG 	TextBox2 loaded 1 chars with 0 blanks and 1 valid
20.8266 	DEBUG 	TextBox2 loaded 1 chars with 0 blanks and 1 valid
20.8393 	DEBUG 	TextBox2 loaded 1 chars with 0 blanks and 1 valid
20.8521 	DEBUG 	TextBox2 loaded 1 chars with 0 blanks and 1 valid
20.8643 	DEBUG 	TextBox2 loaded 1 chars with 0 blanks and 1 valid
20.8770 	DEBUG 	TextBox2 loaded 1 chars with 0 blanks and 1 valid
20.8896 	DEBUG 	TextBox2 loaded 1 chars with 0 blanks and 1 valid
20.9022 	DEBUG 	TextBox2 loaded 1 chars with 0 blanks and 1 valid
20.9147 	DEBUG 	TextBox2 loaded 1 chars with 0 blanks and 1 valid
20.9273 	DEBUG 	TextBox2 loaded 1 chars with 0 blanks and 1 valid
20.9398 	DEBUG 	TextBox2 loaded 1 chars with 0 blanks and 1 valid
20.9530 	DEBUG 	TextBox2 loaded 1 chars with 0 blanks and 1 valid
20.9657 	DEBUG 	TextBox2 loaded 1 chars with 0 blanks and 1 valid
20.9781 	DEBUG 	TextBox2 loaded 1 chars with 0 blanks and 1 valid
20.9904 	DEBUG 	TextBox2 loaded 1 chars with 0 blanks and 1 valid
21.0039 	DEBUG 	TextBox2 loaded 1 chars with 0 blanks and 1 valid
21.0173 	DEBUG 	TextBox2 loaded 1 chars with 0 blanks and 1 valid
21.0179 	DEBUG 	Uploading Texture Font fontname to graphics card
21.0220 	DEBUG 	Upload of Texture Font fontname complete
21.0408 	DEBUG 	TextBox2 loaded 1 chars with 0 blanks and 1 valid
21.0543 	DEBUG 	TextBox2 loaded 1 chars with 0 blanks and 1 valid
21.0676 	DEBUG 	TextBox2 loaded 1 chars with 0 blanks and 1 valid
21.0679 	DEBUG 	Uploading Texture Font fontname to graphics card
21.0701 	DEBUG 	Upload of Texture Font fontname complete
21.0718 	EXP 	window1: Attempting to measure frame rate of screen (1) ...
21.0718 	EXP 	window1: recordFrameIntervals = False
21.2339 	EXP 	window1: recordFrameIntervals = True
22.0672 	WARNING 	Couldn't measure a consistent frame rate!
  - Is your graphics card set to sync to vertical blank?
  - Are you running other processes on your computer?

22.0925 	DEBUG 	TextBox2 loaded 1 chars with 0 blanks and 1 valid
22.1077 	DEBUG 	TextBox2 loaded 1 chars with 0 blanks and 1 valid
22.1218 	DEBUG 	TextBox2 loaded 1 chars with 0 blanks and 1 valid
22.1355 	DEBUG 	TextBox2 loaded 1 chars with 0 blanks and 1 valid
22.1489 	DEBUG 	TextBox2 loaded 1 chars with 0 blanks and 1 valid
22.1623 	DEBUG 	TextBox2 loaded 1 chars with 0 blanks and 1 valid
22.1756 	DEBUG 	TextBox2 loaded 1 chars with 0 blanks and 1 valid
22.1899 	DEBUG 	TextBox2 loaded 1 chars with 0 blanks and 1 valid
22.2041 	DEBUG 	TextBox2 loaded 1 chars with 0 blanks and 1 valid
22.2175 	DEBUG 	TextBox2 loaded 1 chars with 0 blanks and 1 valid
22.2178 	DEBUG 	Uploading Texture Font fontname to graphics card
22.2205 	DEBUG 	Upload of Texture Font fontname complete
23.1900 	INFO 	keyboard.Keyboard is using ptb backend.
23.3230 	INFO 	keyboard.Keyboard is using ptb backend.
23.4549 	INFO 	keyboard.Keyboard is using ptb backend.
23.5878 	INFO 	keyboard.Keyboard is using ptb backend.
23.7181 	INFO 	keyboard.Keyboard is using ptb backend.
23.8482 	INFO 	keyboard.Keyboard is using ptb backend.
23.9770 	INFO 	keyboard.Keyboard is using ptb backend.
23.9772 	DEBUG 	Found speaker device: MacBook Pro-Lautsprecher (4.0)
24.0000 	INFO 	Created stream for speaker device: MacBook Pro-Lautsprecher (4.0)
24.0305 	DEBUG 	Found speaker device: MacBook Pro-Lautsprecher (4.0)
24.0356 	INFO 	Created stream for speaker device: MacBook Pro-Lautsprecher (4.0)
24.2647 	INFO 	keyboard.Keyboard is using ptb backend.
24.2649 	DEBUG 	Found speaker device: MacBook Pro-Lautsprecher (4.0)
24.2724 	INFO 	Created stream for speaker device: MacBook Pro-Lautsprecher (4.0)
24.3409 	DEBUG 	Found speaker device: MacBook Pro-Lautsprecher (4.0)
24.3493 	INFO 	Created stream for speaker device: MacBook Pro-Lautsprecher (4.0)
24.5538 	INFO 	keyboard.Keyboard is using ptb backend.
24.5538 	EXP 	CoSpeechGestures: status = STARTED
24.6126 	EXP 	Created textWelcome = TextStim(__class__=<class 'psychopy.visual.text.TextStim'>, alignHoriz=method-wrapper(...), alignText='center', alignVert=method-wrapper(...), anchorHoriz='center', anchorVert='center', antialias=True, autoDraw=False, autoLog=True, bold=False, color=array([1., 1., 1.]), colorSpace='rgb', contrast=1.0, depth=-1.0, draggable=False, flipHoriz=False, flipVert=False, font='Arial', fontFiles=[], height=np.float64(0.05), italic=False, languageStyle='LTR', name='textWelcome', opacity=1, ori=0.0, pos=array([0., 0.]), rgb=UNKNOWN, text=str(...), units='height', win=Window(...), wrapWidth=1)
24.6365 	EXP 	Created textExplanation = TextStim(__class__=<class 'psychopy.visual.text.TextStim'>, alignHoriz=method-wrapper(...), alignText='center', alignVert=method-wrapper(...), anchorHoriz='center', anchorVert='center', antialias=True, autoDraw=False, autoLog=True, bold=False, color=array([1., 1., 1.]), colorSpace='rgb', contrast=1.0, depth=0.0, draggable=False, flipHoriz=False, flipVert=False, font='Arial', fontFiles=[], height=np.float64(0.04), italic=False, languageStyle='LTR', name='textExplanation', opacity=1, ori=0.0, pos=array([0., 0.]), rgb=UNKNOWN, text=str(...), units='height', win=Window(...), wrapWidth=1)
24.6405 	EXP 	Created textInstructSpeak = TextStim(__class__=<class 'psychopy.visual.text.TextStim'>, alignHoriz=method-wrapper(...), alignText='center', alignVert=method-wrapper(...), anchorHoriz='center', anchorVert='center', antialias=True, autoDraw=False, autoLog=True, bold=False, color=array([1., 1., 1.]), colorSpace='rgb', contrast=1.0, depth=0.0, draggable=False, flipHoriz=False, flipVert=False, font='Arial', fontFiles=[], height=np.float64(0.05), italic=False, languageStyle='LTR', name='textInstructSpeak', opacity=1, ori=0.0, pos=array([0. , 0.4]), rgb=UNKNOWN, text=str(...), units='height', win=Window(...), wrapWidth=1)
24.6679 	EXP 	Created imageSpeak = ImageStim(__class__=<class 'psychopy.visual.image.ImageStim'>, anchor=('center', 'center'), autoLog=True, color=array([1., 1., 1.]), colorSpace='rgb', contrast=1.0, depth=-1.0, draggable=False, flipHoriz=np.False_, flipVert=np.False_, image='images/speak.png', interpolate=True, mask=None, maskParams=None, name='imageSpeak', opacity=1, ori=0.0, pos=array([0., 0.]), size=array([0.5, 0.5]), texRes=128.0, units='height', win=Window(...))
24.6703 	EXP 	Created textInstructSpeak_continue = TextStim(__class__=<class 'psychopy.visual.text.TextStim'>, alignHoriz=method-wrapper(...), alignText='center', alignVert=method-wrapper(...), anchorHoriz='center', anchorVert='center', antialias=True, autoDraw=False, autoLog=True, bold=False, color=array([1., 1., 1.]), colorSpace='rgb', contrast=1.0, depth=-2.0, draggable=False, flipHoriz=False, flipVert=False, font='Arial', fontFiles=[], height=np.float64(0.05), italic=False, languageStyle='LTR', name='textInstructSpeak_continue', opacity=1, ori=0.0, pos=array([ 0. , -0.4]), rgb=UNKNOWN, text='Press SPACEBAR to continue.', units='height', win=Window(...), wrapWidth=1)
24.6732 	EXP 	Created textInstructHand = TextStim(__class__=<class 'psychopy.visual.text.TextStim'>, alignHoriz=method-wrapper(...), alignText='center', alignVert=method-wrapper(...), anchorHoriz='center', anchorVert='center', antialias=True, autoDraw=False, autoLog=True, bold=False, color=array([1., 1., 1.]), colorSpace='rgb', contrast=1.0, depth=0.0, draggable=False, flipHoriz=False, flipVert=False, font='Arial', fontFiles=[], height=np.float64(0.05), italic=False, languageStyle='LTR', name='textInstructHand', opacity=1, ori=0.0, pos=array([0. , 0.4]), rgb=UNKNOWN, text=str(...), units='height', win=Window(...), wrapWidth=1)
24.6750 	EXP 	Created textInstructHand_continue = TextStim(__class__=<class 'psychopy.visual.text.TextStim'>, alignHoriz=method-wrapper(...), alignText='center', alignVert=method-wrapper(...), anchorHoriz='center', anchorVert='center', antialias=True, autoDraw=False, autoLog=True, bold=False, color=array([1., 1., 1.]), colorSpace='rgb', contrast=1.0, depth=-2.0, draggable=False, flipHoriz=False, flipVert=False, font='Arial', fontFiles=[], height=np.float64(0.05), italic=False, languageStyle='LTR', name='textInstructHand_continue', opacity=1, ori=0.0, pos=array([ 0. , -0.4]), rgb=UNKNOWN, text='Press SPACEBAR to continue.', units='height', win=Window(...), wrapWidth=1)
24.6826 	EXP 	Created imageInstructHand = ImageStim(__class__=<class 'psychopy.visual.image.ImageStim'>, anchor=('center', 'center'), autoLog=True, color=array([1., 1., 1.]), colorSpace='rgb', contrast=1.0, depth=-3.0, draggable=False, flipHoriz=np.False_, flipVert=np.False_, image='images/hand.png', interpolate=True, mask=None, maskParams=None, name='imageInstructHand', opacity=1, ori=0.0, pos=array([0., 0.]), size=array([0.5, 0.5]), texRes=128.0, units='height', win=Window(...))
24.6866 	EXP 	Created textInstructBoth = TextStim(__class__=<class 'psychopy.visual.text.TextStim'>, alignHoriz=method-wrapper(...), alignText='center', alignVert=method-wrapper(...), anchorHoriz='center', anchorVert='center', antialias=True, autoDraw=False, autoLog=True, bold=False, color=array([1., 1., 1.]), colorSpace='rgb', contrast=1.0, depth=-1.0, draggable=False, flipHoriz=False, flipVert=False, font='Arial', fontFiles=[], height=np.float64(0.05), italic=False, languageStyle='LTR', name='textInstructBoth', opacity=1, ori=0.0, pos=array([0. , 0.4]), rgb=UNKNOWN, text=str(...), units='height', win=Window(...), wrapWidth=1)
24.7183 	EXP 	Created imageInstructBoth = ImageStim(__class__=<class 'psychopy.visual.image.ImageStim'>, anchor=('center', 'center'), autoLog=True, color=array([1., 1., 1.]), colorSpace='rgb', contrast=1.0, depth=-2.0, draggable=False, flipHoriz=np.False_, flipVert=np.False_, image='images/speak_gesture.png', interpolate=True, mask=None, maskParams=None, name='imageInstructBoth', opacity=1, ori=0.0, pos=array([0., 0.]), size=array([1., 1.]), texRes=128.0, units='height', win=Window(...))
24.7206 	EXP 	Created textInstructBoth_continue = TextStim(__class__=<class 'psychopy.visual.text.TextStim'>, alignHoriz=method-wrapper(...), alignText='center', alignVert=method-wrapper(...), anchorHoriz='center', anchorVert='center', antialias=True, autoDraw=False, autoLog=True, bold=False, color=array([1., 1., 1.]), colorSpace='rgb', contrast=1.0, depth=-4.0, draggable=False, flipHoriz=False, flipVert=False, font='Arial', fontFiles=[], height=np.float64(0.05), italic=False, languageStyle='LTR', name='textInstructBoth_continue', opacity=1, ori=0.0, pos=array([ 0. , -0.4]), rgb=UNKNOWN, text='Press SPACEBAR to continue.', units='height', win=Window(...), wrapWidth=1)
24.7236 	EXP 	Created textBlockTraining = TextStim(__class__=<class 'psychopy.visual.text.TextStim'>, alignHoriz=method-wrapper(...), alignText='center', alignVert=method-wrapper(...), anchorHoriz='center', anchorVert='center', antialias=True, autoDraw=False, autoLog=True, bold=False, color=array([1., 1., 1.]), colorSpace='rgb', contrast=1.0, depth=0.0, draggable=False, flipHoriz=False, flipVert=False, font='Arial', fontFiles=[], height=np.float64(0.05), italic=False, languageStyle='LTR', name='textBlockTraining', opacity=1, ori=0.0, pos=array([0., 0.]), rgb=UNKNOWN, text=str(...), units='height', win=Window(...), wrapWidth=1)
24.7246 	EXP 	Created itiTraining = Rect(__class__=<class 'psychopy.visual.rect.Rect'>, anchor=('center', 'center'), autoDraw=False, autoLog=True, closeShape=True, color=method-wrapper(...), colorSpace='rgb', contrast=None, depth=-1.0, draggable=False, fillColor=array([-1., -1., -1.]), fillColorSpace='rgb', fillRGB=array([-1., -1., -1.]), interpolate=True, lineColor=array([1., 1., 1.]), lineColorSpace='rgb', lineRGB=array([1, 1, 1]), lineWidth=1.0, name='itiTraining', opacity=1, ori=0.0, pos=array([0., 0.]), size=array([2., 2.]), units='height', vertices=ndarray(...), win=Window(...))
24.7294 	EXP 	Created trialStart_Training = TextStim(__class__=<class 'psychopy.visual.text.TextStim'>, alignHoriz=method-wrapper(...), alignText='center', alignVert=method-wrapper(...), anchorHoriz='center', anchorVert='center', antialias=True, autoDraw=False, autoLog=True, bold=False, color=array([-1., -1., -1.]), colorSpace='rgb', contrast=1.0, depth=-2.0, draggable=False, flipHoriz=False, flipVert=False, font='Arial', fontFiles=[], height=np.float64(0.3), italic=False, languageStyle='LTR', name='trialStart_Training', opacity=1, ori=0.0, pos=array([0., 0.]), rgb=UNKNOWN, text='START', units='height', win=Window(...), wrapWidth=1)
24.9051 	EXP 	soundStimulus_Training: sampleRate = 44100
24.9051 	EXP 	soundStimulus_Training: channels = None
24.9104 	DEBUG 	Converted audio clip from mono to stereo
24.9132 	EXP 	Sound soundStimulus_Training set volume 1.000
24.9189 	EXP 	Created instructionImageTraining = ImageStim(__class__=<class 'psychopy.visual.image.ImageStim'>, anchor=('center', 'center'), autoLog=True, color=array([1., 1., 1.]), colorSpace='rgb', contrast=1.0, depth=-5.0, draggable=False, flipHoriz=np.False_, flipVert=np.False_, image='default.png', interpolate=True, mask=None, maskParams=None, name='instructionImageTraining', opacity=1, ori=0.0, pos=array([0., 0.]), size=array([1., 1.]), texRes=128.0, units='height', win=Window(...))
24.9251 	EXP 	Created actionCueTraining = ShapeStim(__class__=<class 'psychopy.visual.shape.ShapeStim'>, anchor=('center', 'center'), autoDraw=False, autoLog=True, closeShape=True, color=method-wrapper(...), colorSpace='rgb', contrast=None, depth=-6.0, draggable=False, fillColor=array([1, 1, 1]), fillColorSpace='rgb', fillRGB=array([1, 1, 1]), interpolate=True, lineColor=array([1., 1., 1.]), lineColorSpace='rgb', lineRGB=array([1, 1, 1]), lineWidth=1.0, name='actionCueTraining', opacity=1, ori=0.0, pos=array([0., 0.]), size=array([0.5, 0.5]), units='height', vertices=ndarray(...), win=Window(...), windingRule=None)
24.9252 	EXP 	soundGoCue_Training: sampleRate = 44100
24.9252 	EXP 	soundGoCue_Training: channels = None
24.9257 	DEBUG 	Converted audio clip from mono to stereo
24.9259 	EXP 	Sound soundGoCue_Training set volume 0.800
24.9265 	ERROR 	Support for LabHackers hardware is not available this session. Please install `psychopy-labhackers` and restart the session to enable support.
25.3684 	DEBUG 	Saving data for CoSpeechGestures ExperimentHandler
25.3692 	INFO 	saved data to /Users/sara-sofiagorriz/Library/CloudStorage/OneDrive-Chalmers/Experiments/CoSpeechGestures/data/pilot_CoSpeechGestures_2025-12-08_17h15.48.880.psydat
25.3696 	INFO 	saved data to '/Users/sara-sofiagorriz/Library/CloudStorage/OneDrive-Chalmers/Experiments/CoSpeechGestures/data/pilot_CoSpeechGestures_2025-12-08_17h15.48.880.csv'
25.3758 	WARNING 	Stopping key buffers but this could be dangerous ifother keyboards rely on the same.
25.3760 	WARNING 	Stopping key buffers but this could be dangerous ifother keyboards rely on the same.
25.3760 	WARNING 	Stopping key buffers but this could be dangerous ifother keyboards rely on the same.
25.3760 	WARNING 	Stopping key buffers but this could be dangerous ifother keyboards rely on the same.
25.3760 	WARNING 	Stopping key buffers but this could be dangerous ifother keyboards rely on the same.
25.3760 	WARNING 	Stopping key buffers but this could be dangerous ifother keyboards rely on the same.
25.3760 	WARNING 	Stopping key buffers but this could be dangerous ifother keyboards rely on the same.
25.3761 	WARNING 	Stopping key buffers but this could be dangerous ifother keyboards rely on the same.
25.3761 	WARNING 	Stopping key buffers but this could be dangerous ifother keyboards rely on the same.
